src/pages/DashboardPage.tsx(211,91): error TS7006: Parameter 'i' implicitly has an 'any' type.
src/pages/LandingPage.tsx(1,1): error TS6192: All imports in import declaration are unused.
src/pages/RepositorySelectionPage.tsx(2,10): error TS6133: 'Link' is declared but its value is never read.
src/pages/RepositorySelectionPage.tsx(113,97): error TS2322: Type 'Error' is not assignable to type 'ReactNode'.
